// Jest Snapshot v1, https://goo.gl/fbAQLP

exports[`testing the filter component should test the first snapshot 1`] = `
<div
  className="sc-AxirZ sc-AxhCb cCkLUO"
  data-testid="filter"
>
  <div
    className="sc-AxiKw sc-AxgMl gluXKe"
    data-testid="onClick"
    onClick={[Function]}
  >
    <svg
      aria-hidden={true}
      className="MuiSvgIcon-root"
      focusable="false"
      style={
        Object {
          "color": "white",
          "cursor": "pointer",
          "fontSize": "60",
        }
      }
      viewBox="0 0 24 24"
    >
      <path
        d="M15.5 14h-.79l-.28-.27C15.41 12.59 16 11.11 16 9.5 16 5.91 13.09 3 9.5 3S3 5.91 3 9.5 5.91 16 9.5 16c1.61 0 3.09-.59 4.23-1.57l.27.28v.79l5 4.99L20.49 19l-4.99-5zm-6 0C7.01 14 5 11.99 5 9.5S7.01 5 9.5 5 14 7.01 14 9.5 11.99 14 9.5 14z"
      />
    </svg>
  </div>
  <h3
    className="sc-AxhUy kFIZtd"
  >
    Filters:
  </h3>
  <button
    className="sc-AxjAm jvYtuW"
    data-testid="button"
    id="button"
    onClick={[Function]}
  >
    Reset Filters
  </button>
  <button
    className="sc-AxjAm jvYtuW"
    data-testid="button"
    id="button"
    onClick={[Function]}
  >
    Best Boy
  </button>
  <button
    className="sc-AxjAm jvYtuW"
    data-testid="button"
    id="button"
    onClick={[Function]}
  >
    Worst Boy
  </button>
</div>
`;
