// Jest Snapshot v1, https://goo.gl/fbAQLP

exports[`testing the not found creating the snapshot 1`] = `
<div
  data-testid="notFound"
  style={
    Object {
      "width": "100%",
    }
  }
>
  <div
    style={
      Object {
        "margin": "0 auto",
        "textAlign": "center",
        "width": "60%",
      }
    }
  >
    <h1
      className="sc-AxjAm chZeGo"
    >
       Page not found 
    </h1>
    <div
      className="sc-AxirZ klSXQc"
    >
      404
    </div>
    <a
      href="/"
      onClick={[Function]}
    >
      <h1
        className="sc-AxjAm chZeGo"
        style={
          Object {
            "cursor": "pointer",
          }
        }
      >
        Home
      </h1>
    </a>
  </div>
</div>
`;
